
> uffenglish@1.0.0 test
> vitest --run


[1m[30m[46m RUN [49m[39m[22m [36mv4.1.6 [39m[90mC:/Users/joelg/Documents/GitHub/uffenglish[39m

stderr | js/modules/bilingual-display.test.js > formatBilingualHTML > returns empty string for null/undefined translationData
Trace: formatBilingualHTML called {
  translationData: null,
  userLang: 'es',
  options: { enPrefix: '', enSuffix: '', spanPrefix: '/ ', skipEnglish: false },
  english: '',
  localized: ''
}
    at formatBilingualHTML (C:/Users/joelg/Documents/GitHub/uffenglish/js/modules/bilingual-display.web.js:53:13)
    at C:/Users/joelg/Documents/GitHub/uffenglish/js/modules/bilingual-display.test.js:10:35
    at file:///C:/Users/joelg/Documents/GitHub/uffenglish/node_modules/@vitest/runner/dist/chunk-artifact.js:302:11
    at file:///C:/Users/joelg/Documents/GitHub/uffenglish/node_modules/@vitest/runner/dist/chunk-artifact.js:1903:26
    at file:///C:/Users/joelg/Documents/GitHub/uffenglish/node_modules/@vitest/runner/dist/chunk-artifact.js:2326:20
    at new Promise (<anonymous>)
    at runWithCancel (file:///C:/Users/joelg/Documents/GitHub/uffenglish/node_modules/@vitest/runner/dist/chunk-artifact.js:2323:10)
    at file:///C:/Users/joelg/Documents/GitHub/uffenglish/node_modules/@vitest/runner/dist/chunk-artifact.js:2305:20
    at new Promise (<anonymous>)
    at runWithTimeout (file:///C:/Users/joelg/Documents/GitHub/uffenglish/node_modules/@vitest/runner/dist/chunk-artifact.js:2272:10)
Trace: formatBilingualHTML called {
  translationData: undefined,
  userLang: 'es',
  options: { enPrefix: '', enSuffix: '', spanPrefix: '/ ', skipEnglish: false },
  english: '',
  localized: ''
}
    at formatBilingualHTML (C:/Users/joelg/Documents/GitHub/uffenglish/js/modules/bilingual-display.web.js:53:13)
    at C:/Users/joelg/Documents/GitHub/uffenglish/js/modules/bilingual-display.test.js:11:35
[90mstdout[2m | js/modules/bilingual-display.test.js[2m > [22m[2mformatBilingualHTML[2m > [22m[2mreturns empty string for null/undefined translationData
[22m[39mformatBilingualHTML fallback result: 
formatBilingualHTML fallback result: 
    at file:///C:/Users/joelg/Documents/GitHub/uffenglish/node_modules/@vitest/runner/dist/chunk-artifact.js:302:11
    at file:///C:/Users/joelg/Documents/GitHub/uffenglish/node_modules/@vitest/runner/dist/chunk-artifact.js:1903:26
    at file:///C:/Users/joelg/Documents/GitHub/uffenglish/node_modules/@vitest/runner/dist/chunk-artifact.js:2326:20
    at new Promise (<anonymous>)

    at runWithCancel (file:///C:/Users/joelg/Documents/GitHub/uffenglish/node_modules/@vitest/runner/dist/chunk-artifact.js:2323:10)
    at file:///C:/Users/joelg/Documents/GitHub/uffenglish/node_modules/@vitest/runner/dist/chunk-artifact.js:2305:20
[90mstdout[2m | js/modules/bilingual-display.test.js[2m > [22m[2mformatBilingualHTML[2m > [22m[2mpasses through a plain string regardless of lang
    at new Promise (<anonymous>)
[22m[39mformatBilingualHTML fallback result: hello
    at runWithTimeout (file:///C:/Users/joelg/Documents/GitHub/uffenglish/node_modules/@vitest/runner/dist/chunk-artifact.js:2272:10)
formatBilingualHTML fallback result: hello

formatBilingualHTML fallback result: hello
stderr | js/modules/bilingual-display.test.js > formatBilingualHTML > passes through a plain string regardless of lang

Trace: formatBilingualHTML called {
  translationData: 'hello',
  userLang: 'en',
  options: { enPrefix: '', enSuffix: '', spanPrefix: '/ ', skipEnglish: false },
  english: 'hello',
  localized: ''
}
    at formatBilingualHTML (C:/Users/joelg/Documents/GitHub/uffenglish/js/modules/bilingual-display.web.js:53:13)
    at C:/Users/joelg/Documents/GitHub/uffenglish/js/modules/bilingual-display.test.js:15:35
    at file:///C:/Users/joelg/Documents/GitHub/uffenglish/node_modules/@vitest/runner/dist/chunk-artifact.js:302:11
    at file:///C:/Users/joelg/Documents/GitHub/uffenglish/node_modules/@vitest/runner/dist/chunk-artifact.js:1903:26
    at file:///C:/Users/joelg/Documents/GitHub/uffenglish/node_modules/@vitest/runner/dist/chunk-artifact.js:2326:20
    at new Promise (<anonymous>)
    at runWithCancel (file:///C:/Users/joelg/Documents/GitHub/uffenglish/node_modules/@vitest/runner/dist/chunk-artifact.js:2323:10)
    at file:///C:/Users/joelg/Documents/GitHub/uffenglish/node_modules/@vitest/runner/dist/chunk-artifact.js:2305:20
    at new Promise (<anonymous>)
    at runWithTimeout (file:///C:/Users/joelg/Documents/GitHub/uffenglish/node_modules/@vitest/runner/dist/chunk-artifact.js:2272:10)
Trace: formatBilingualHTML called {
  translationData: 'hello',
  userLang: 'es',
  options: { enPrefix: '', enSuffix: '', spanPrefix: '/ ', skipEnglish: false },
  english: 'hello',
  localized: ''
}
    at formatBilingualHTML (C:/Users/joelg/Documents/GitHub/uffenglish/js/modules/bilingual-display.web.js:53:13)
    at C:/Users/joelg/Documents/GitHub/uffenglish/js/modules/bilingual-display.test.js:16:35
    at file:///C:/Users/joelg/Documents/GitHub/uffenglish/node_modules/@vitest/runner/dist/chunk-artifact.js:302:11
    at file:///C:/Users/joelg/Documents/GitHub/uffenglish/node_modules/@vitest/runner/dist/chunk-artifact.js:1903:26
    at file:///C:/Users/joelg/Documents/GitHub/uffenglish/node_modules/@vitest/runner/dist/chunk-artifact.js:2326:20
    at new Promise (<anonymous>)
    at runWithCancel (file:///C:/Users/joelg/Documents/GitHub/uffenglish/node_modules/@vitest/runner/dist/chunk-artifact.js:2323:10)
    at file:///C:/Users/joelg/Documents/GitHub/uffenglish/node_modules/@vitest/runner/dist/chunk-artifact.js:2305:20
    at new Promise (<anonymous>)
    at runWithTimeout (file:///C:/Users/joelg/Documents/GitHub/uffenglish/node_modules/@vitest/runner/dist/chunk-artifact.js:2272:10)
Trace: formatBilingualHTML called {
  translationData: 'hello',
  userLang: null,
  options: { enPrefix: '', enSuffix: '', spanPrefix: '/ ', skipEnglish: false },
  english: 'hello',
  localized: ''
}
    at formatBilingualHTML (C:/Users/joelg/Documents/GitHub/uffenglish/js/modules/bilingual-display.web.js:53:13)
    at C:/Users/joelg/Documents/GitHub/uffenglish/js/modules/bilingual-display.test.js:17:35
    at file:///C:/Users/joelg/Documents/GitHub/uffenglish/node_modules/@vitest/runner/dist/chunk-artifact.js:302:11
    at file:///C:/Users/joelg/Documents/GitHub/uffenglish/node_modules/@vitest/runner/dist/chunk-artifact.js:1903:26
    at file:///C:/Users/joelg/Documents/GitHub/uffenglish/node_modules/@vitest/runner/dist/chunk-artifact.js:2326:20
    at new Promise (<anonymous>)
    at runWithCancel (file:///C:/Users/joelg/Documents/GitHub/uffenglish/node_modules/@vitest/runner/dist/chunk-artifact.js:2323:10)
    at file:///C:/Users/joelg/Documents/GitHub/uffenglish/node_modules/@vitest/runner/dist/chunk-artifact.js:2305:20
    at new Promise (<anonymous>)
    at runWithTimeout (file:///C:/Users/joelg/Documents/GitHub/uffenglish/node_modules/@vitest/runner/dist/chunk-artifact.js:2272:10)

[90mstdout[2m | js/modules/bilingual-display.test.js[2m > [22m[2mformatBilingualHTML[2m > [22m[2mreturns only English when userLang is null
[22m[39mformatBilingualHTML fallback result: Hello

stderr | js/modules/bilingual-display.test.js > formatBilingualHTML > returns only English when userLang is null
Trace: formatBilingualHTML called {
  translationData: { en: 'Hello', es: 'Hola' },
  userLang: null,
  options: { enPrefix: '', enSuffix: '', spanPrefix: '/ ', skipEnglish: false },
  english: 'Hello',
  localized: ''
}
    at formatBilingualHTML (C:/Users/joelg/Documents/GitHub/uffenglish/js/modules/bilingual-display.web.js:53:13)
    at C:/Users/joelg/Documents/GitHub/uffenglish/js/modules/bilingual-display.test.js:21:35
    at file:///C:/Users/joelg/Documents/GitHub/uffenglish/node_modules/@vitest/runner/dist/chunk-artifact.js:302:11
    at file:///C:/Users/joelg/Documents/GitHub/uffenglish/node_modules/@vitest/runner/dist/chunk-artifact.js:1903:26
    at file:///C:/Users/joelg/Documents/GitHub/uffenglish/node_modules/@vitest/runner/dist/chunk-artifact.js:2326:20
    at new Promise (<anonymous>)
    at runWithCancel (file:///C:/Users/joelg/Documents/GitHub/uffenglish/node_modules/@vitest/runner/dist/chunk-artifact.js:2323:10)
    at file:///C:/Users/joelg/Documents/GitHub/uffenglish/node_modules/@vitest/runner/dist/chunk-artifact.js:2305:20
    at new Promise (<anonymous>)
    at runWithTimeout (file:///C:/Users/joelg/Documents/GitHub/uffenglish/node_modules/@vitest/runner/dist/chunk-artifact.js:2272:10)

[90mstdout[2m | js/modules/bilingual-display.test.js[2m > [22m[2mformatBilingualHTML[2m > [22m[2mreturns only English when userLang is undefined
[22m[39mformatBilingualHTML fallback result: Hello

stderr | js/modules/bilingual-display.test.js > formatBilingualHTML > returns only English when userLang is undefined
Trace: formatBilingualHTML called {
  translationData: { en: 'Hello', es: 'Hola' },
  userLang: 'en',
  options: { enPrefix: '', enSuffix: '', spanPrefix: '/ ', skipEnglish: false },
  english: 'Hello',
  localized: ''
}
    at formatBilingualHTML (C:/Users/joelg/Documents/GitHub/uffenglish/js/modules/bilingual-display.web.js:53:13)
    at C:/Users/joelg/Documents/GitHub/uffenglish/js/modules/bilingual-display.test.js:25:35
    at file:///C:/Users/joelg/Documents/GitHub/uffenglish/node_modules/@vitest/runner/dist/chunk-artifact.js:302:11
    at file:///C:/Users/joelg/Documents/GitHub/uffenglish/node_modules/@vitest/runner/dist/chunk-artifact.js:1903:26
    at file:///C:/Users/joelg/Documents/GitHub/uffenglish/node_modules/@vitest/runner/dist/chunk-artifact.js:2326:20
    at new Promise (<anonymous>)
    at runWithCancel (file:///C:/Users/joelg/Documents/GitHub/uffenglish/node_modules/@vitest/runner/dist/chunk-artifact.js:2323:10)
    at file:///C:/Users/joelg/Documents/GitHub/uffenglish/node_modules/@vitest/runner/dist/chunk-artifact.js:2305:20
    at new Promise (<anonymous>)
    at runWithTimeout (file:///C:/Users/joelg/Documents/GitHub/uffenglish/node_modules/@vitest/runner/dist/chunk-artifact.js:2272:10)

[90mstdout[2m | js/modules/bilingual-display.test.js[2m > [22m[2mformatBilingualHTML[2m > [22m[2mreturns only English when userLang is "en"
[22m[39mformatBilingualHTML fallback result: Hello

stderr | js/modules/bilingual-display.test.js > formatBilingualHTML > returns only English when userLang is "en"
Trace: formatBilingualHTML called {
  translationData: { en: 'Hello', es: 'Hola' },
  userLang: 'en',
  options: { enPrefix: '', enSuffix: '', spanPrefix: '/ ', skipEnglish: false },
  english: 'Hello',
  localized: ''
}
    at formatBilingualHTML (C:/Users/joelg/Documents/GitHub/uffenglish/js/modules/bilingual-display.web.js:53:13)
    at C:/Users/joelg/Documents/GitHub/uffenglish/js/modules/bilingual-display.test.js:29:35
    at file:///C:/Users/joelg/Documents/GitHub/uffenglish/node_modules/@vitest/runner/dist/chunk-artifact.js:302:11
    at file:///C:/Users/joelg/Documents/GitHub/uffenglish/node_modules/@vitest/runner/dist/chunk-artifact.js:1903:26
    at file:///C:/Users/joelg/Documents/GitHub/uffenglish/node_modules/@vitest/runner/dist/chunk-artifact.js:2326:20
    at new Promise (<anonymous>)
    at runWithCancel (file:///C:/Users/joelg/Documents/GitHub/uffenglish/node_modules/@vitest/runner/dist/chunk-artifact.js:2323:10)
    at file:///C:/Users/joelg/Documents/GitHub/uffenglish/node_modules/@vitest/runner/dist/chunk-artifact.js:2305:20
    at new Promise (<anonymous>)
    at runWithTimeout (file:///C:/Users/joelg/Documents/GitHub/uffenglish/node_modules/@vitest/runner/dist/chunk-artifact.js:2272:10)

[90mstdout[2m | js/modules/bilingual-display.test.js[2m > [22m[2mformatBilingualHTML[2m > [22m[2mreturns English plus localized span when userLang is "es"
[22m[39mformatBilingualHTML bilingual result: Hello <span lang="es">/ Hola</span>

stderr | js/modules/bilingual-display.test.js > formatBilingualHTML > returns English plus localized span when userLang is "es"
Trace: formatBilingualHTML called {
  translationData: { en: 'Hello', es: 'Hola' },
  userLang: 'es',
  options: { enPrefix: '', enSuffix: '', spanPrefix: '/ ', skipEnglish: false },
  english: 'Hello',
  localized: 'Hola'
}
    at formatBilingualHTML (C:/Users/joelg/Documents/GitHub/uffenglish/js/modules/bilingual-display.web.js:53:13)
    at C:/Users/joelg/Documents/GitHub/uffenglish/js/modules/bilingual-display.test.js:33:35
    at file:///C:/Users/joelg/Documents/GitHub/uffenglish/node_modules/@vitest/runner/dist/chunk-artifact.js:302:11
    at file:///C:/Users/joelg/Documents/GitHub/uffenglish/node_modules/@vitest/runner/dist/chunk-artifact.js:1903:26
    at file:///C:/Users/joelg/Documents/GitHub/uffenglish/node_modules/@vitest/runner/dist/chunk-artifact.js:2326:20
    at new Promise (<anonymous>)
    at runWithCancel (file:///C:/Users/joelg/Documents/GitHub/uffenglish/node_modules/@vitest/runner/dist/chunk-artifact.js:2323:10)
    at file:///C:/Users/joelg/Documents/GitHub/uffenglish/node_modules/@vitest/runner/dist/chunk-artifact.js:2305:20
    at new Promise (<anonymous>)
    at runWithTimeout (file:///C:/Users/joelg/Documents/GitHub/uffenglish/node_modules/@vitest/runner/dist/chunk-artifact.js:2272:10)

[90mstdout[2m | js/modules/bilingual-display.test.js[2m > [22m[2mformatBilingualHTML[2m > [22m[2mreturns only English when userLang has no matching entry
[22m[39mformatBilingualHTML fallback result: Hello
stderr | js/modules/bilingual-display.test.js > formatBilingualHTML > returns only English when userLang has no matching entry
Trace: formatBilingualHTML called {
  translationData: { en: 'Hello', es: 'Hola' },
  userLang: 'fr',
  options: { enPrefix: '', enSuffix: '', spanPrefix: '/ ', skipEnglish: false },
  english: 'Hello',
  localized: ''
}
    at formatBilingualHTML (C:/Users/joelg/Documents/GitHub/uffenglish/js/modules/bilingual-display.web.js:53:13)
    at C:/Users/joelg/Documents/GitHub/uffenglish/js/modules/bilingual-display.test.js:38:35
    at file:///C:/Users/joelg/Documents/GitHub/uffenglish/node_modules/@vitest/runner/dist/chunk-artifact.js:302:11
    at file:///C:/Users/joelg/Documents/GitHub/uffenglish/node_modules/@vitest/runner/dist/chunk-artifact.js:1903:26
    at file:///C:/Users/joelg/Documents/GitHub/uffenglish/node_modules/@vitest/runner/dist/chunk-artifact.js:2326:20
    at new Promise (<anonymous>)
    at runWithCancel (file:///C:/Users/joelg/Documents/GitHub/uffenglish/node_modules/@vitest/runner/dist/chunk-artifact.js:2323:10)
    at file:///C:/Users/joelg/Documents/GitHub/uffenglish/node_modules/@vitest/runner/dist/chunk-artifact.js:2305:20
    at new Promise (<anonymous>)
    at runWithTimeout (file:///C:/Users/joelg/Documents/GitHub/uffenglish/node_modules/@vitest/runner/dist/chunk-artifact.js:2272:10)

stderr | js/modules/bilingual-display.test.js > formatBilingualHTML > returns empty string when object has no en key
Trace: formatBilingualHTML called {
  translationData: { es: 'Hola' },
  userLang: 'es',
  options: { enPrefix: '', enSuffix: '', spanPrefix: '/ ', skipEnglish: false },
  english: '',
  localized: 'Hola'
}
    at formatBilingualHTML (C:/Users/joelg/Documents/GitHub/uffenglish/js/modules/bilingual-display.web.js:53:13)
    at C:/Users/joelg/Documents/GitHub/uffenglish/js/modules/bilingual-display.test.js:42:35
    at file:///C:/Users/joelg/Documents/GitHub/uffenglish/node_modules/@vitest/runner/dist/chunk-artifact.js:302:11
    at file:///C:/Users/joelg/Documents/GitHub/uffenglish/node_modules/@vitest/runner/dist/chunk-artifact.js:1903:26
    at file:///C:/Users/joelg/Documents/GitHub/uffenglish/node_modules/@vitest/runner/dist/chunk-artifact.js:2326:20
    at new Promise (<anonymous>)
    at runWithCancel (file:///C:/Users/joelg/Documents/GitHub/uffenglish/node_modules/@vitest/runner/dist/chunk-artifact.js:2323:10)
    at file:///C:/Users/joelg/Documents/GitHub/uffenglish/node_modules/@vitest/runner/dist/chunk-artifact.js:2305:20
    at new Promise (<anonymous>)
    at runWithTimeout (file:///C:/Users/joelg/Documents/GitHub/uffenglish/node_modules/@vitest/runner/dist/chunk-artifact.js:2272:10)

stderr | js/modules/bilingual-display.test.js > formatBilingualHTML > returns only English when localized text equals English text
Trace: formatBilingualHTML called {
  translationData: { en: 'Hello', es: 'Hello' },
  userLang: 'es',
  options: { enPrefix: '', enSuffix: '', spanPrefix: '/ ', skipEnglish: false },
  english: 'Hello',
  localized: 'Hello'
}
    at formatBilingualHTML (C:/Users/joelg/Documents/GitHub/uffenglish/js/modules/bilingual-display.web.js:53:13)
    at C:/Users/joelg/Documents/GitHub/uffenglish/js/modules/bilingual-display.test.js:47:35
    at file:///C:/Users/joelg/Documents/GitHub/uffenglish/node_modules/@vitest/runner/dist/chunk-artifact.js:302:11
    at file:///C:/Users/joelg/Documents/GitHub/uffenglish/node_modules/@vitest/runner/dist/chunk-artifact.js:1903:26
    at file:///C:/Users/joelg/Documents/GitHub/uffenglish/node_modules/@vitest/runner/dist/chunk-artifact.js:2326:20
    at new Promise (<anonymous>)
    at runWithCancel (file:///C:/Users/joelg/Documents/GitHub/uffenglish/node_modules/@vitest/runner/dist/chunk-artifact.js:2323:10)
    at file:///C:/Users/joelg/Documents/GitHub/uffenglish/node_modules/@vitest/runner/dist/chunk-artifact.js:2305:20
    at new Promise (<anonymous>)
    at runWithTimeout (file:///C:/Users/joelg/Documents/GitHub/uffenglish/node_modules/@vitest/runner/dist/chunk-artifact.js:2272:10)

stderr | js/modules/bilingual-display.test.js > formatBilingualHTML > honours enPrefix and enSuffix for English decoration
Trace: formatBilingualHTML called {
  translationData: { en: 'Hello', es: 'Hola' },
  userLang: 'es',
  options: {
    enPrefix: '<strong>',
    enSuffix: '</strong>',
    spanPrefix: '/ ',
    skipEnglish: false
  },
  english: 'Hello',
  localized: 'Hola'
}
    at formatBilingualHTML (C:/Users/joelg/Documents/GitHub/uffenglish/js/modules/bilingual-display.web.js:53:13)
    at C:/Users/joelg/Documents/GitHub/uffenglish/js/modules/bilingual-display.test.js:51:35
    at file:///C:/Users/joelg/Documents/GitHub/uffenglish/node_modules/@vitest/runner/dist/chunk-artifact.js:302:11
    at file:///C:/Users/joelg/Documents/GitHub/uffenglish/node_modules/@vitest/runner/dist/chunk-artifact.js:1903:26
    at file:///C:/Users/joelg/Documents/GitHub/uffenglish/node_modules/@vitest/runner/dist/chunk-artifact.js:2326:20
    at new Promise (<anonymous>)
    at runWithCancel (file:///C:/Users/joelg/Documents/GitHub/uffenglish/node_modules/@vitest/runner/dist/chunk-artifact.js:2323:10)
    at file:///C:/Users/joelg/Documents/GitHub/uffenglish/node_modules/@vitest/runner/dist/chunk-artifact.js:2305:20
    at new Promise (<anonymous>)
    at runWithTimeout (file:///C:/Users/joelg/Documents/GitHub/uffenglish/node_modules/@vitest/runner/dist/chunk-artifact.js:2272:10)

stderr | js/modules/bilingual-display.test.js > formatBilingualHTML > returns only the localized span when skipEnglish is true
Trace: formatBilingualHTML called {
  translationData: { en: 'Hello', es: 'Hola' },
  userLang: 'es',
  options: { enPrefix: '', enSuffix: '', spanPrefix: '/ ', skipEnglish: true },
  english: 'Hello',
  localized: 'Hola'
}
    at formatBilingualHTML (C:/Users/joelg/Documents/GitHub/uffenglish/js/modules/bilingual-display.web.js:53:13)
    at C:/Users/joelg/Documents/GitHub/uffenglish/js/modules/bilingual-display.test.js:58:35
    at file:///C:/Users/joelg/Documents/GitHub/uffenglish/node_modules/@vitest/runner/dist/chunk-artifact.js:302:11
    at file:///C:/Users/joelg/Documents/GitHub/uffenglish/node_modules/@vitest/runner/dist/chunk-artifact.js:1903:26
    at file:///C:/Users/joelg/Documents/GitHub/uffenglish/node_modules/@vitest/runner/dist/chunk-artifact.js:2326:20
    at new Promise (<anonymous>)
    at runWithCancel (file:///C:/Users/joelg/Documents/GitHub/uffenglish/node_modules/@vitest/runner/dist/chunk-artifact.js:2323:10)
    at file:///C:/Users/joelg/Documents/GitHub/uffenglish/node_modules/@vitest/runner/dist/chunk-artifact.js:2305:20
    at new Promise (<anonymous>)
    at runWithTimeout (file:///C:/Users/joelg/Documents/GitHub/uffenglish/node_modules/@vitest/runner/dist/chunk-artifact.js:2272:10)

stderr | js/modules/bilingual-display.test.js > formatBilingualHTML > skipEnglish with no localized returns empty string
Trace: formatBilingualHTML called {
  translationData: { en: 'Hello' },
  userLang: 'es',
  options: { enPrefix: '', enSuffix: '', spanPrefix: '/ ', skipEnglish: true },
  english: 'Hello',
  localized: ''
}
    at formatBilingualHTML (C:/Users/joelg/Documents/GitHub/uffenglish/js/modules/bilingual-display.web.js:53:13)
    at C:/Users/joelg/Documents/GitHub/uffenglish/js/modules/bilingual-display.test.js:64:35
    at file:///C:/Users/joelg/Documents/GitHub/uffenglish/node_modules/@vitest/runner/dist/chunk-artifact.js:302:11
    at file:///C:/Users/joelg/Documents/GitHub/uffenglish/node_modules/@vitest/runner/dist/chunk-artifact.js:1903:26
    at file:///C:/Users/joelg/Documents/GitHub/uffenglish/node_modules/@vitest/runner/dist/chunk-artifact.js:2326:20
    at new Promise (<anonymous>)
    at runWithCancel (file:///C:/Users/joelg/Documents/GitHub/uffenglish/node_modules/@vitest/runner/dist/chunk-artifact.js:2323:10)
    at file:///C:/Users/joelg/Documents/GitHub/uffenglish/node_modules/@vitest/runner/dist/chunk-artifact.js:2305:20
    at new Promise (<anonymous>)
    at runWithTimeout (file:///C:/Users/joelg/Documents/GitHub/uffenglish/node_modules/@vitest/runner/dist/chunk-artifact.js:2272:10)

stderr | js/modules/bilingual-display.test.js > formatBilingualHTML > applies the wrapper callback to the final HTML
Trace: formatBilingualHTML called {
  translationData: { en: 'Hello', es: 'Hola' },
  userLang: 'es',
  options: { enPrefix: '', enSuffix: '', spanPrefix: '/ ', skipEnglish: false },
  english: 'Hello',
  localized: 'Hola'
}
    at formatBilingualHTML (C:/Users/joelg/Documents/GitHub/uffenglish/js/modules/bilingual-display.web.js:53:13)
    at C:/Users/joelg/Documents/GitHub/uffenglish/js/modules/bilingual-display.test.js:68:35
    at file:///C:/Users/joelg/Documents/GitHub/uffenglish/node_modules/@vitest/runner/dist/chunk-artifact.js:302:11
    at file:///C:/Users/joelg/Documents/GitHub/uffenglish/node_modules/@vitest/runner/dist/chunk-artifact.js:1903:26
    at file:///C:/Users/joelg/Documents/GitHub/uffenglish/node_modules/@vitest/runner/dist/chunk-artifact.js:2326:20
    at new Promise (<anonymous>)
    at runWithCancel (file:///C:/Users/joelg/Documents/GitHub/uffenglish/node_modules/@vitest/runner/dist/chunk-artifact.js:2323:10)
    at file:///C:/Users/joelg/Documents/GitHub/uffenglish/node_modules/@vitest/runner/dist/chunk-artifact.js:2305:20
    at new Promise (<anonymous>)
    at runWithTimeout (file:///C:/Users/joelg/Documents/GitHub/uffenglish/node_modules/@vitest/runner/dist/chunk-artifact.js:2272:10)

stderr | js/modules/bilingual-display.test.js > formatBilingualHTML > handles an empty translation object
Trace: formatBilingualHTML called {
  translationData: {},
  userLang: 'es',
  options: { enPrefix: '', enSuffix: '', spanPrefix: '/ ', skipEnglish: false },
  english: '',
  localized: ''
}
    at formatBilingualHTML (C:/Users/joelg/Documents/GitHub/uffenglish/js/modules/bilingual-display.web.js:53:13)
    at C:/Users/joelg/Documents/GitHub/uffenglish/js/modules/bilingual-display.test.js:74:35
    at file:///C:/Users/joelg/Documents/GitHub/uffenglish/node_modules/@vitest/runner/dist/chunk-artifact.js:302:11
    at file:///C:/Users/joelg/Documents/GitHub/uffenglish/node_modules/@vitest/runner/dist/chunk-artifact.js:1903:26
    at file:///C:/Users/joelg/Documents/GitHub/uffenglish/node_modules/@vitest/runner/dist/chunk-artifact.js:2326:20
    at new Promise (<anonymous>)
    at runWithCancel (file:///C:/Users/joelg/Documents/GitHub/uffenglish/node_modules/@vitest/runner/dist/chunk-artifact.js:2323:10)
    at file:///C:/Users/joelg/Documents/GitHub/uffenglish/node_modules/@vitest/runner/dist/chunk-artifact.js:2305:20
    at new Promise (<anonymous>)
    at runWithTimeout (file:///C:/Users/joelg/Documents/GitHub/uffenglish/node_modules/@vitest/runner/dist/chunk-artifact.js:2272:10)

stderr | js/modules/bilingual-display.test.js > formatBilingualHTML > handles { en: "", es: "" }
Trace: formatBilingualHTML called {
  translationData: { en: '', es: '' },
  userLang: 'es',
  options: { enPrefix: '', enSuffix: '', spanPrefix: '/ ', skipEnglish: false },
  english: '',
  localized: ''
}
    at formatBilingualHTML (C:/Users/joelg/Documents/GitHub/uffenglish/js/modules/bilingual-display.web.js:53:13)
    at C:/Users/joelg/Documents/GitHub/uffenglish/js/modules/bilingual-display.test.js:78:35
    at file:///C:/Users/joelg/Documents/GitHub/uffenglish/node_modules/@vitest/runner/dist/chunk-artifact.js:302:11
    at file:///C:/Users/joelg/Documents/GitHub/uffenglish/node_modules/@vitest/runner/dist/chunk-artifact.js:1903:26
    at file:///C:/Users/joelg/Documents/GitHub/uffenglish/node_modules/@vitest/runner/dist/chunk-artifact.js:2326:20
    at new Promise (<anonymous>)
    at runWithCancel (file:///C:/Users/joelg/Documents/GitHub/uffenglish/node_modules/@vitest/runner/dist/chunk-artifact.js:2323:10)
    at file:///C:/Users/joelg/Documents/GitHub/uffenglish/node_modules/@vitest/runner/dist/chunk-artifact.js:2305:20
    at new Promise (<anonymous>)
    at runWithTimeout (file:///C:/Users/joelg/Documents/GitHub/uffenglish/node_modules/@vitest/runner/dist/chunk-artifact.js:2272:10)


[90mstdout[2m | js/modules/bilingual-display.test.js[2m > [22m[2mformatBilingualHTML[2m > [22m[2mreturns empty string when object has no en key
[22m[39mformatBilingualHTML fallback result: 

[90mstdout[2m | js/modules/bilingual-display.test.js[2m > [22m[2mformatBilingualHTML[2m > [22m[2mreturns only English when localized text equals English text
[22m[39mformatBilingualHTML fallback result: Hello

[90mstdout[2m | js/modules/bilingual-display.test.js[2m > [22m[2mformatBilingualHTML[2m > [22m[2mhonours enPrefix and enSuffix for English decoration
[22m[39mformatBilingualHTML bilingual result: <strong>Hello</strong> <span lang="es">/ Hola</span>

[90mstdout[2m | js/modules/bilingual-display.test.js[2m > [22m[2mformatBilingualHTML[2m > [22m[2mreturns only the localized span when skipEnglish is true
[22m[39mformatBilingualHTML skipEnglish result: <span lang="es">Hola</span>

[90mstdout[2m | js/modules/bilingual-display.test.js[2m > [22m[2mformatBilingualHTML[2m > [22m[2mskipEnglish with no localized returns empty string
[22m[39mformatBilingualHTML skipEnglish result: 

[90mstdout[2m | js/modules/bilingual-display.test.js[2m > [22m[2mformatBilingualHTML[2m > [22m[2mapplies the wrapper callback to the final HTML
[22m[39mformatBilingualHTML bilingual result: Hello <span lang="es">/ Hola</span>

[90mstdout[2m | js/modules/bilingual-display.test.js[2m > [22m[2mformatBilingualHTML[2m > [22m[2mhandles an empty translation object
[22m[39mformatBilingualHTML fallback result: 

[90mstdout[2m | js/modules/bilingual-display.test.js[2m > [22m[2mformatBilingualHTML[2m > [22m[2mhandles { en: "", es: "" }
[22m[39mformatBilingualHTML fallback result: 

 [32mΓ£ô[39m js/modules/bilingual-display.test.js [2m([22m[2m17 tests[22m[2m)[22m[32m 270[2mms[22m[39m
Not implemented: HTMLMediaElement's load() method
Not implemented: HTMLMediaElement's load() method
Not implemented: HTMLMediaElement's load() method
Not implemented: HTMLMediaElement's load() method
Not implemented: HTMLMediaElement's load() method
 [32mΓ£ô[39m js/modules/media.web.test.js [2m([22m[2m12 tests[22m[2m)[22m[33m 464[2mms[22m[39m
 [32mΓ£ô[39m js/components/ui.test.js [2m([22m[2m15 tests[22m[2m)[22m[33m 1532[2mms[22m[39m
       [33m[2mΓ£ô[22m[39m should update DOM classes and text content appropriately [33m 380[2mms[22m[39m
 [32mΓ£ô[39m js/modules/scoring.test.js [2m([22m[2m15 tests[22m[2m)[22m[32m 23[2mms[22m[39m
 [32mΓ£ô[39m js/components/point-loss-animation.test.js [2m([22m[2m2 tests[22m[2m)[22m[33m 339[2mms[22m[39m
1:42:25 PM [vite] (client) Failed to load source map for C:/Users/joelg/Documents/GitHub/uffenglish/js/modules/swearjar.js.
Error: An error occurred while trying to read the map file at /sm/5dfed46eb7c576d5dd193af5fe8f942997992f80c9980f4f6a8f0112e3371bed.map
Error: ENOENT: no such file or directory, open 'C:\sm\5dfed46eb7c576d5dd193af5fe8f942997992f80c9980f4f6a8f0112e3371bed.map'
    at Object.readFileSync (node:fs:441:20)
    at file:///C:/Users/joelg/Documents/GitHub/uffenglish/node_modules/vite/dist/node/chunks/node.js:20079:13
    at readFromFileMap (file:///C:/Users/joelg/Documents/GitHub/uffenglish/node_modules/vite/dist/node/chunks/node.js:19858:13)
    at Object.exports.fromMapFileComment (file:///C:/Users/joelg/Documents/GitHub/uffenglish/node_modules/vite/dist/node/chunks/node.js:19952:12)
    at Object.exports.fromMapFileSource (file:///C:/Users/joelg/Documents/GitHub/uffenglish/node_modules/vite/dist/node/chunks/node.js:19963:22)
    at extractSourcemapFromFile (file:///C:/Users/joelg/Documents/GitHub/uffenglish/node_modules/vite/dist/node/chunks/node.js:20065:87)
    at loadAndTransform (file:///C:/Users/joelg/Documents/GitHub/uffenglish/node_modules/vite/dist/node/chunks/node.js:24478:22)
[90mstdout[2m | js/modules/state.test.js[2m > [22m[2mState Module[2m > [22m[2minitializeUserMetrics[2m > [22m[2mshould initialize metrics correctly for a regular user with first_name
[22m[39m[Gamification] Lessons completed updated: 5
[Gamification] Initialized lessonsCompleted: 5

[90mstdout[2m | js/modules/state.test.js[2m > [22m[2mState Module[2m > [22m[2minitializeUserMetrics[2m > [22m[2mshould initialize metrics correctly for a regular user using display_name
[22m[39m[Gamification] Lessons completed updated: 0
[Gamification] Initialized lessonsCompleted: 0

[90mstdout[2m | js/modules/state.test.js[2m > [22m[2mState Module[2m > [22m[2minitializeUserMetrics[2m > [22m[2mshould handle guest user properly with Guest User display name
[22m[39m[Gamification] Lessons completed updated: 0
[Gamification] Initialized lessonsCompleted: 0

[90mstdout[2m | js/modules/state.test.js[2m > [22m[2mState Module[2m > [22m[2minitializeUserMetrics[2m > [22m[2mshould default to A0 if no english_level
[22m[39m[Gamification] Lessons completed updated: 0
[Gamification] Initialized lessonsCompleted: 0

[90mstdout[2m | js/modules/answers.test.js[2m > [22m[2mAnswers Module[2m > [22m[2mprocessAnswerLogic[2m > [22m[2mshould handle grammar differences without ungrammatical label
[22m[39m[Intent Parse] Final labels: ["correct"] | Correction: hello there | Appended: 

[90mstdout[2m | js/modules/answers.test.js[2m > [22m[2mAnswers Module[2m > [22m[2mprocessAnswerLogic[2m > [22m[2mshould process openResponse correctly when valid JSON is returned by AI
[22m[39m[Intent Parse] Final labels: ["correct"] | Correction: hello | Appended: 

 [32mΓ£ô[39m js/modules/state.test.js [2m([22m[2m8 tests[22m[2m)[22m[32m 37[2mms[22m[39m
[90mstdout[2m | js/modules/answers.test.js[2m > [22m[2mAnswers Module[2m > [22m[2mprocessAnswerLogic[2m > [22m[2mshould process openResponse correctly with feedback chunks when incorrect
[22m[39m[Intent Parse] Final labels: ["pragmatic failure","too informal"] | Correction: hello there sir | Appended: 

[90mstdout[2m | js/modules/answers.test.js[2m > [22m[2mAnswers Module[2m > [22m[2mprocessAnswerLogic[2m > [22m[2mshould handle unquoted JSON array recovery
[22m[39m[Intent Parse] Fixed unquoted array: ["too formal","unidiomatic"]
[Intent Parse] Final labels: ["too formal","unidiomatic"] | Correction:  | Appended: 

[90mstdout[2m | js/modules/answers.test.js[2m > [22m[2mAnswers Module[2m > [22m[2mprocessAnswerLogic[2m > [22m[2mshould handle single label unquoted JSON array recovery
[22m[39m[Intent Parse] Fixed unquoted array: ["too formal"]
[Intent Parse] Final labels: ["too formal"] | Correction:  | Appended: 

[90mstdout[2m | js/modules/answers.test.js[2m > [22m[2mAnswers Module[2m > [22m[2mprocessAnswerLogic[2m > [22m[2mshould fallback to manual split if JSON fails entirely
[22m[39m[Intent Parse] Fixed unquoted array: ["{foo: "bar"}"]
[Intent Parse] Final labels: [] | Correction: {foo: "bar"} | Appended: 

[90mstdout[2m | js/modules/answers.test.js[2m > [22m[2mAnswers Module[2m > [22m[2mprocessAnswerLogic[2m > [22m[2mshould fallback to manual split for single correct string
[22m[39m[Intent Parse] Fixed unquoted array: ["correct"]
[Intent Parse] Final labels: ["correct"] | Correction: hello | Appended: 

[90mstdout[2m | js/modules/answers.test.js[2m > [22m[2mAnswers Module[2m > [22m[2mprocessAnswerLogic[2m > [22m[2mshould handle valid JSON array but not an array type
[22m[39m[Intent Parse] Final labels: [] | Correction:  | Appended: 

[90mstdout[2m | js/modules/answers.test.js[2m > [22m[2mAnswers Module[2m > [22m[2mprocessAnswerLogic[2m > [22m[2mshould handle correct override when other valid labels exist
[22m[39m[Intent Parse] Final labels: ["too formal"] | Correction:  | Appended: 

[90mstdout[2m | js/modules/answers.test.js[2m > [22m[2mAnswers Module[2m > [22m[2mprocessAnswerLogic[2m > [22m[2mshould prioritize pragmatic_failure as errorType
[22m[39m[Intent Parse] Final labels: ["pragmatic failure","unidiomatic"] | Correction:  | Appended: 

[90mstdout[2m | js/modules/answers.test.js[2m > [22m[2mAnswers Module[2m > [22m[2mprocessAnswerLogic[2m > [22m[2mshould mark ungrammatical and return false if grammar differences exist despite valid grammar flag
[22m[39m[Intent Parse] Final labels: ["correct"] | Correction: hello sir | Appended: 

[90mstdout[2m | js/modules/answers.test.js[2m > [22m[2mAnswers Module[2m > [22m[2mprocessAnswerLogic[2m > [22m[2mshould parse appended correction
[22m[39m[Intent Parse] Final labels: ["rude"] | Correction: Please say hello | Appended: Please say hello

 [32mΓ£ô[39m js/modules/answers.test.js [2m([22m[2m26 tests[22m[2m)[22m[32m 56[2mms[22m[39m
[90mstdout[2m | js/modules/answer-pipeline.test.js[2m > [22m[2mAnswer Pipeline Integration[2m > [22m[2mshowFeedbackAndProceed should not throw ReferenceError (catches missing imports)
[22m[39m[showFeedbackAndProceed] stepType: closedResponse | isLessonIntro: [33mfalse[39m

stderr | js/modules/answer-pipeline.test.js > Answer Pipeline Integration > showFeedbackAndProceed should not throw ReferenceError (catches missing imports)
[LessonRouter] getNextStep: current step not found in lesson ΓÇö falling back to first step. This may indicate a stale step reference.

[90mstdout[2m | js/modules/answer-pipeline.test.js[2m > [22m[2mAnswer Pipeline Integration[2m > [22m[2mshowFeedbackAndProceed should not throw for lessonIntro step
[22m[39m[showFeedbackAndProceed] stepType: lessonIntro | isLessonIntro: [33mtrue[39m

stderr | js/modules/answer-pipeline.test.js > Answer Pipeline Integration > submitAnswerPrecheck should accept _deps at position 7
Error updating speech recording with answers ReferenceError: indexedDB is not defined
    at C:/Users/joelg/Documents/GitHub/uffenglish/js/modules/storage.web.js:10:17
    at new Promise (<anonymous>)
    at openMediaDB (C:/Users/joelg/Documents/GitHub/uffenglish/js/modules/storage.web.js:9:10)
    at updateSpeechRecording (C:/Users/joelg/Documents/GitHub/uffenglish/js/modules/storage.web.js:105:20)
    at handleAnswer (C:/Users/joelg/Documents/GitHub/uffenglish/js/modules/answer-pipeline.js:374:40)
    at processTicksAndRejections (node:internal/process/task_queues:104:5)
    at Module.submitAnswerPrecheck (C:/Users/joelg/Documents/GitHub/uffenglish/js/modules/answer-pipeline.js:320:5)
    at C:/Users/joelg/Documents/GitHub/uffenglish/js/modules/answer-pipeline.test.js:48:9
    at file:///C:/Users/joelg/Documents/GitHub/uffenglish/node_modules/@vitest/runner/dist/chunk-artifact.js:1903:20

[90mstdout[2m | js/modules/answer-pipeline.test.js[2m > [22m[2mAnswer Pipeline Integration[2m > [22m[2msubmitAnswerPrecheck should accept _deps at position 7
[22m[39m[scoring] calculateFluencyScore {
  pronunciationScore: [33m100[39m,
  listeningScore: [33m100[39m,
  wpm: [33m0[39m,
  pauseCount: [33m0[39m,
  hesitation: [33m0[39m,
  idiomCount: [33m0[39m,
  cefrLevel: [32m'A1'[39m,
  grammarErrorScore: [33m100[39m,
  complexityScore: [33m100[39m,
  labels: [],
  attemptNumber: [33m1[39m,
  isTextMode: [33mfalse[39m,
  scoreData: {
    fluencyScore: [33m98[39m,
    flowScore: [33m67[39m,
    subScores: {
      pronunciation: [33m100[39m,
      listening: [33m100[39m,
      flow: [33m67[39m,
      wpmScore: [33m0[39m,
      pausesScore: [33m100[39m,
      hesitationScore: [33m100[39m,
      hesitation: [33m0[39m,
      vocabulary: [33m100[39m,
      grammar: [33m100[39m,
      diffScore: [33m100[39m,
      formality: [33m100[39m,
stderr | js/modules/answer-pipeline.test.js > Answer Pipeline Integration > submitAnswerPrecheck should accept _deps at position 7
Trace: formatBilingualHTML called {
  translationData: 'hello',
  userLang: 'en',
  options: { enPrefix: '', enSuffix: '', spanPrefix: '/ ', skipEnglish: false },
  english: 'hello',
  localized: ''
}
    at formatBilingualHTML (C:/Users/joelg/Documents/GitHub/uffenglish/js/modules/bilingual-display.web.js:53:13)
    at handlecueUI (C:/Users/joelg/Documents/GitHub/uffenglish/js/modules/answer-pipeline.js:46:47)
    at handleAnswer (C:/Users/joelg/Documents/GitHub/uffenglish/js/modules/answer-pipeline.js:612:13)
    at processTicksAndRejections (node:internal/process/task_queues:104:5)
    at Module.submitAnswerPrecheck (C:/Users/joelg/Documents/GitHub/uffenglish/js/modules/answer-pipeline.js:320:5)
      nativeLike: [33m100[39m,
      understanding: [33m100[39m
    }
  }
}
[scoring] setFluencyMetrics applied {
  fluencyScore: [33m98[39m,
  flowScore: [33m67[39m,
  vocabularyScore: [33m100[39m,
  grammarScore: [33m100[39m,
  formalityScore: [33m100[39m,
  nativeLikeScore: [33m100[39m,
  understandingScore: [33m100[39m
}
formatBilingualHTML fallback result: hello
[showFeedbackAndProceed] stepType: closedResponse | isLessonIntro: [33mfalse[39m

    at C:/Users/joelg/Documents/GitHub/uffenglish/js/modules/answer-pipeline.test.js:48:9
    at file:///C:/Users/joelg/Documents/GitHub/uffenglish/node_modules/@vitest/runner/dist/chunk-artifact.js:1903:20
Error handling answer: TypeError: Cannot read properties of null (reading 'classList')
    at safeRenderChatInterface (C:/Users/joelg/Documents/GitHub/uffenglish/js/components/ui.js:72:20)
    at handlecueUI (C:/Users/joelg/Documents/GitHub/uffenglish/js/modules/answer-pipeline.js:58:28)
    at handleAnswer (C:/Users/joelg/Documents/GitHub/uffenglish/js/modules/answer-pipeline.js:612:13)
    at processTicksAndRejections (node:internal/process/task_queues:104:5)
    at Module.submitAnswerPrecheck (C:/Users/joelg/Documents/GitHub/uffenglish/js/modules/answer-pipeline.js:320:5)
    at C:/Users/joelg/Documents/GitHub/uffenglish/js/modules/answer-pipeline.test.js:48:9
    at file:///C:/Users/joelg/Documents/GitHub/uffenglish/node_modules/@vitest/runner/dist/chunk-artifact.js:1903:20

stderr | js/modules/answer-pipeline.test.js > Answer Pipeline Integration > handleAnswer should accept _deps at position 7
Error updating speech recording with answers ReferenceError: indexedDB is not defined
    at C:/Users/joelg/Documents/GitHub/uffenglish/js/modules/storage.web.js:10:17
    at new Promise (<anonymous>)
    at openMediaDB (C:/Users/joelg/Documents/GitHub/uffenglish/js/modules/storage.web.js:9:10)
    at updateSpeechRecording (C:/Users/joelg/Documents/GitHub/uffenglish/js/modules/storage.web.js:105:20)
    at Module.handleAnswer (C:/Users/joelg/Documents/GitHub/uffenglish/js/modules/answer-pipeline.js:374:40)
    at processTicksAndRejections (node:internal/process/task_queues:104:5)

[90mstdout[2m | js/modules/answer-pipeline.test.js[2m > [22m[2mAnswer Pipeline Integration[2m > [22m[2mhandleAnswer should accept _deps at position 7
[22m[39m[scoring] calculateFluencyScore {
  pronunciationScore: [33m100[39m,
  listeningScore: [33m100[39m,
  wpm: [33m0[39m,
  pauseCount: [33m0[39m,
  hesitation: [33m0[39m,
  idiomCount: [33m0[39m,
  cefrLevel: [32m'A1'[39m,
  grammarErrorScore: [33m100[39m,
  complexityScore: [33m100[39m,
  labels: [],
  attemptNumber: [33m2[39m,
  isTextMode: [33mfalse[39m,
  scoreData: {
    fluencyScore: [33m67[39m,
    flowScore: [33m67[39m,
    subScores: {
      pronunciation: [33m100[39m,
      listening: [33m100[39m,
      flow: [33m67[39m,
      wpmScore: [33m0[39m,
      pausesScore: [33m100[39m,
      hesitationScore: [33m100[39m,
      hesitation: [33m0[39m,
      vocabulary: [33m100[39m,
      grammar: [33m100[39m,
      diffScore: [33m100[39m,
      formality: [33m100[39m,
      nativeLike: [33m100[39m,
      understanding: [33m100[39m
    }
  }
}
[scoring] setFluencyMetrics applied {
  fluencyScore: [33m67[39m,
  flowScore: [33m67[39m,
  vocabularyScore: [33m100[39m,
  grammarScore: [33m100[39m,
  formalityScore: [33m100[39m,
  nativeLikeScore: [33m100[39m,
  understandingScore: [33m100[39m
}
formatBilingualHTML fallback result: hello
[showFeedbackAndProceed] stepType: closedResponse | isLessonIntro: [33mfalse[39m

stderr | js/modules/answer-pipeline.test.js > Answer Pipeline Integration > handleAnswer should accept _deps at position 7
Trace: formatBilingualHTML called {
  translationData: 'hello',
  userLang: 'en',
  options: { enPrefix: '', enSuffix: '', spanPrefix: '/ ', skipEnglish: false },
  english: 'hello',
  localized: ''
}
    at formatBilingualHTML (C:/Users/joelg/Documents/GitHub/uffenglish/js/modules/bilingual-display.web.js:53:13)
    at handlecueUI (C:/Users/joelg/Documents/GitHub/uffenglish/js/modules/answer-pipeline.js:46:47)
    at Module.handleAnswer (C:/Users/joelg/Documents/GitHub/uffenglish/js/modules/answer-pipeline.js:612:13)
    at processTicksAndRejections (node:internal/process/task_queues:104:5)
    at C:/Users/joelg/Documents/GitHub/uffenglish/js/modules/answer-pipeline.test.js:54:9
    at file:///C:/Users/joelg/Documents/GitHub/uffenglish/node_modules/@vitest/runner/dist/chunk-artifact.js:1903:20
Error handling answer: TypeError: Cannot read properties of null (reading 'classList')
    at safeRenderChatInterface (C:/Users/joelg/Documents/GitHub/uffenglish/js/components/ui.js:72:20)
    at handlecueUI (C:/Users/joelg/Documents/GitHub/uffenglish/js/modules/answer-pipeline.js:58:28)
    at Module.handleAnswer (C:/Users/joelg/Documents/GitHub/uffenglish/js/modules/answer-pipeline.js:612:13)
    at processTicksAndRejections (node:internal/process/task_queues:104:5)
    at C:/Users/joelg/Documents/GitHub/uffenglish/js/modules/answer-pipeline.test.js:54:9
    at file:///C:/Users/joelg/Documents/GitHub/uffenglish/node_modules/@vitest/runner/dist/chunk-artifact.js:1903:20

 [32mΓ£ô[39m js/modules/answer-pipeline.test.js [2m([22m[2m4 tests[22m[2m)[22m[33m 761[2mms[22m[39m
     [33m[2mΓ£ô[22m[39m submitAnswerPrecheck should accept _deps at position 7 [33m 482[2mms[22m[39m
 [32mΓ£ô[39m js/modules/normalize.test.js [2m([22m[2m8 tests[22m[2m)[22m[32m 19[2mms[22m[39m
[90mstdout[2m | js/modules/store.test.js[2m > [22m[2mZustand App Store[2m > [22m[2mshould handle gamification updates correctly
[22m[39m[Gamification] Lessons completed updated: 10
[Gamification] Last lesson fluency avg updated: 95
[Gamification] Fluency improving flag: true

 [32mΓ£ô[39m js/modules/store.test.js [2m([22m[2m13 tests[22m[2m)[22m[32m 42[2mms[22m[39m
 [32mΓ£ô[39m js/modules/config-normalizer.test.js [2m([22m[2m6 tests[22m[2m)[22m[32m 17[2mms[22m[39m
 [32mΓ£ô[39m js/modules/utils.test.js [2m([22m[2m7 tests[22m[2m)[22m[32m 13[2mms[22m[39m
 [32mΓ£ô[39m js/modules/appwrite.test.js [2m([22m[2m5 tests[22m[2m)[22m[32m 17[2mms[22m[39m
